[celektro.cz/index.html]
[celektro.cz/wp-content/themes/Celektro/images/940970_bd_media_id_d89c88804a7c3a86ab7a0af70a26eeb5.png]
[celektro.cz/wp-content/themes/Celektro/jquery1826.js]
[celektro.cz/wp-content/themes/Celektro/layout.core.js]
[backblue.gif]
[fade.gif]
[index.html]
[celektro.cz/wp-content/plugins/foogallery/extensions/default-templates/shared/css/foogallery.minf599.css]
[celektro.cz/wp-content/plugins/download-manager/assets/fontawesome/css/all.min36b6.css]
[celektro.cz/feed/index.html]
[celektro.cz/comments/feed/index.html]
[celektro.cz/zkusebni-stranka/feed/index.html]
[celektro.cz/wp-content/plugins/download-manager/assets/css/front36b6.css]
[celektro.cz/wp-content/plugins/foobox-image-lightbox/free/css/foobox.free.min0c21.css]
[celektro.cz/wp-content/plugins/symple-shortcodes/shortcodes/css/symple_shortcodes_styles36b6.css]
[celektro.cz/wp-content/plugins/wpdm-premium-packages/assets/css/wpdmpp36b6.css]
[celektro.cz/wp-content/plugins/ubermenu/pro/assets/css/ubermenu.mina7a0.css]
[celektro.cz/wp-content/plugins/ubermenu/assets/fontawesome/css/all.min36b6.css]
[celektro.cz/wp-content/themes/Celektro/bootstrap1826.css]
[celektro.cz/wp-content/themes/Celektro/style1826.css]
[celektro.cz/wp-includes/js/jquery/jquery.mina7a0.js]
[celektro.cz/wp-includes/js/jquery/jquery-migrate.mind617.js]
[celektro.cz/wp-includes/js/jquery/jquery.form.minb2f9.js]
[celektro.cz/wp-content/plugins/download-manager/assets/js/fronteefc.js]
[celektro.cz/wp-content/plugins/wpdm-premium-packages/assets/js/wpdmpp-front36b6.js]
[celektro.cz/wp-content/plugins/foobox-image-lightbox/free/js/foobox.free.min0c21.js]
[celektro.cz/wp-content/themes/Celektro/bootstrap.min1826.js]
[celektro.cz/wp-content/themes/Celektro/script1826.js]
[celektro.cz/wp-json/index.html]
[celektro.cz/xmlrpc0db0.php]
[celektro.cz/wp-includes/wlwmanifest.xml]
[celektro.cz/wp-json/oembed/1.0/embed7443.json]
[celektro.cz/wp-json/oembed/1.0/embed65b8]
[celektro.cz/wp-content/themes/Celektro/images/175aada1bf0cc1af3413bf13bb75cc29_logo.jpg]
[celektro.cz/wp-content/uploads/2020/05/panel1-1.1c.delayed]
[celektro.cz/produkty-ceny/index.html]
[celektro.cz/vstup-pro-uzivatele/index.html]
[celektro.cz/reference-letak-kontakty/index.html]
[celektro.cz/wp-content/uploads/2020/05/drzhypanel.jpg]
[celektro.cz/wp-content/uploads/2020/05/tretipanel.jpg]
[celektro.cz/wp-content/uploads/2020/05/panel4-1.jpg]
[celektro.cz/wp-includes/js/dist/vendor/regenerator-runtime.min3937.js]
[celektro.cz/wp-includes/js/dist/vendor/wp-polyfill.min2c7c.js]
[celektro.cz/wp-includes/js/dist/hooks.min6c65.js]
[celektro.cz/mapa-webu/index.html]
[celektro.cz/wp-includes/js/dist/i18n.mine57b.js]
[celektro.cz/wp-content/plugins/ubermenu/assets/js/ubermenu.mina7a0.js]
[celektro.cz/wp-includes/js/comment-reply.min36b6.js]
[celektro.cz/index.html]
[celektro.cz/xmlrpc.php]
[celektro.cz/wp-content/plugins/foogallery/extensions/default-templates/shared/js/foogallery.minf599.js]
[celektro.cz/wp-content/plugins/foogallery/extensions/default-templates/shared/img/icons.svg]
[celektro.cz/wp-content/plugins/foogallery/extensions/default-templates/shared/css/foogallery.minf599.css]
[celektro.cz/wp-content/plugins/download-manager/assets/fontawesome/webfonts/fa-brands-400.woff2]
[celektro.cz/wp-content/plugins/download-manager/assets/fontawesome/webfonts/fa-brands-400.ttf]
[celektro.cz/wp-content/plugins/download-manager/assets/fontawesome/webfonts/fa-regular-400.woff2]
[celektro.cz/wp-content/plugins/download-manager/assets/fontawesome/webfonts/fa-regular-400.ttf]
[celektro.cz/wp-content/plugins/download-manager/assets/fontawesome/webfonts/fa-solid-900.woff2]
[celektro.cz/wp-content/plugins/download-manager/assets/fontawesome/webfonts/fa-solid-900.ttf]
[celektro.cz/wp-content/plugins/download-manager/assets/fontawesome/webfonts/fa-v4compatibility.woff2]
[celektro.cz/wp-content/plugins/download-manager/assets/fontawesome/webfonts/fa-v4compatibility.ttf]
[celektro.cz/wp-content/plugins/download-manager/assets/fontawesome/css/all.min36b6.css]
[celektro.cz/wp-content/plugins/download-manager/assets/images/plus.svg]
[celektro.cz/wp-content/plugins/download-manager/assets/images/sort.svg]
[celektro.cz/wp-content/plugins/download-manager/assets/images/loader.svg]
[celektro.cz/wp-content/plugins/download-manager/assets/css/front36b6.css]
[celektro.cz/wp-content/plugins/foobox-image-lightbox/free/css/foobox.free.min0c21.css]
[celektro.cz/wp-content/plugins/symple-shortcodes/shortcodes/css/images/check.png]
[celektro.cz/wp-content/plugins/symple-shortcodes/shortcodes/css/images/bullets-gray.png]
[celektro.cz/wp-content/plugins/symple-shortcodes/shortcodes/css/images/bullets-blue.png]
[celektro.cz/wp-content/plugins/symple-shortcodes/shortcodes/css/images/bullets-red.png]
[celektro.cz/wp-content/plugins/symple-shortcodes/shortcodes/css/images/bullets-purple.png]
[celektro.cz/wp-content/plugins/symple-shortcodes/shortcodes/css/images/plus.png]
[celektro.cz/wp-content/plugins/symple-shortcodes/shortcodes/css/images/minus.png]
[celektro.cz/wp-content/plugins/symple-shortcodes/shortcodes/css/images/dotted.png]
[celektro.cz/wp-content/plugins/symple-shortcodes/shortcodes/css/images/dashed.png]
[celektro.cz/wp-content/plugins/symple-shortcodes/shortcodes/css/images/double-line.png]
[celektro.cz/wp-content/plugins/symple-shortcodes/shortcodes/css/images/arrows.png]
[celektro.cz/wp-content/plugins/symple-shortcodes/shortcodes/css/images/loader.gif]
[celektro.cz/wp-content/plugins/symple-shortcodes/shortcodes/css/symple_shortcodes_styles36b6.css]
[celektro.cz/wp-content/plugins/wpdm-premium-packages/assets/images/statistic-box-red.png]
[celektro.cz/wp-content/plugins/wpdm-premium-packages/assets/images/statistic-box-purple.png]
[celektro.cz/wp-content/plugins/wpdm-premium-packages/assets/images/statistic-box-yellow.png]
[celektro.cz/wp-content/plugins/wpdm-premium-packages/assets/images/statistic-box-green.png]
[celektro.cz/wp-content/plugins/wpdm-premium-packages/assets/images/statistic-box-grid.png]
[celektro.cz/wp-content/plugins/download-manager/assets/images/loading.svg]
[celektro.cz/wp-content/plugins/wpdm-premium-packages/assets/css/wpdmpp36b6.css]
[celektro.cz/wp-content/plugins/ubermenu/pro/assets/css/ubermenu.mina7a0.css]
[celektro.cz/wp-content/plugins/ubermenu/assets/fontawesome/webfonts/fa-brands-400.eot]
[celektro.cz/wp-content/plugins/ubermenu/assets/fontawesome/webfonts/fa-brands-400d41d.eot]
[celektro.cz/wp-content/plugins/ubermenu/assets/fontawesome/webfonts/fa-brands-400.woff2]
[celektro.cz/wp-content/plugins/ubermenu/assets/fontawesome/webfonts/fa-brands-400.woff]
[celektro.cz/wp-content/plugins/ubermenu/assets/fontawesome/webfonts/fa-brands-400.ttf]
[celektro.cz/wp-content/plugins/ubermenu/assets/fontawesome/webfonts/fa-brands-400.svg]
[celektro.cz/wp-content/plugins/ubermenu/assets/fontawesome/webfonts/fa-regular-400.eot]
[celektro.cz/wp-content/plugins/ubermenu/assets/fontawesome/webfonts/fa-regular-400d41d.eot]
[celektro.cz/wp-content/plugins/ubermenu/assets/fontawesome/webfonts/fa-regular-400.woff2]
[celektro.cz/wp-content/plugins/ubermenu/assets/fontawesome/webfonts/fa-regular-400.woff]
[celektro.cz/wp-content/plugins/ubermenu/assets/fontawesome/webfonts/fa-regular-400.ttf]
[celektro.cz/wp-content/plugins/ubermenu/assets/fontawesome/webfonts/fa-regular-400.svg]
[celektro.cz/wp-content/plugins/ubermenu/assets/fontawesome/webfonts/fa-solid-900.eot]
[celektro.cz/wp-content/plugins/ubermenu/assets/fontawesome/webfonts/fa-solid-900d41d.eot]
[celektro.cz/wp-content/plugins/ubermenu/assets/fontawesome/webfonts/fa-solid-900.woff2]
[celektro.cz/wp-content/plugins/ubermenu/assets/fontawesome/webfonts/fa-solid-900.woff]
[celektro.cz/wp-content/plugins/ubermenu/assets/fontawesome/webfonts/fa-solid-900.ttf]
[celektro.cz/wp-content/plugins/ubermenu/assets/fontawesome/css/all.min36b6.css]
[celektro.cz/wp-content/themes/Celektro/bootstrap1826.css]
[celektro.cz/wp-content/themes/Celektro/images/preloader01.gif]
[celektro.cz/wp-content/themes/Celektro/fonts/BillionWebFonts.woff]
[celektro.cz/wp-content/themes/Celektro/style1826.css]
[celektro.cz/wp-json/wp/v2/pages/2.json]
[celektro.cz/wp-content/plugins/wpdm-premium-packages/index.html]
[celektro.cz/wp-content/themes/Celektro/fonts/BillionWebFonts.ttf]
[celektro.cz/wp-content/plugins/ubermenu/assets/fontawesome/webfonts/fa-solid-900.svg]
[celektro.cz/wp-json/oembed/1.0/embed8970.json]
[celektro.cz/wp-json/oembed/1.0/embed0394]
[celektro.cz/produkty-ceny/index.html]
[celektro.cz/wp-json/oembed/1.0/embedccc2.json]
[celektro.cz/wp-json/oembed/1.0/embed7a17]
[celektro.cz/vstup-pro-uzivatele/index.html]
[celektro.cz/wp-json/oembed/1.0/embed0314.json]
[celektro.cz/wp-json/oembed/1.0/embed8e1f]
[celektro.cz/wp-content/uploads/2020/05/LETAK1114.pdf]
[celektro.cz/reference-letak-kontakty/index.html]
[celektro.cz/wp-json/oembed/1.0/embed92bb.json]
[celektro.cz/wp-json/oembed/1.0/embedf223]
[celektro.cz/mapa-webu/index.html]
[celektro.cz/purchases/index.html]
[celektro.cz/ahoj-vsichni/index.html]
[celektro.cz/wp-content/plugins/foogallery/extensions/default-templates/shared/img/icons.svg]
[celektro.cz/wp-content/plugins/download-manager/assets/images/plus.svg]
[celektro.cz/wp-content/plugins/download-manager/assets/images/sort.svg]
[celektro.cz/wp-content/plugins/download-manager/assets/images/loader.svg]
[celektro.cz/wp-content/plugins/symple-shortcodes/shortcodes/css/images/bullets-black.html]
[celektro.cz/wp-content/plugins/download-manager/assets/images/loading.svg]
[celektro.cz/wp-content/plugins/ubermenu/assets/fontawesome/webfonts/fa-brands-400.svg]
[celektro.cz/wp-content/plugins/ubermenu/assets/fontawesome/webfonts/fa-regular-400.svg]
[celektro.cz/wp-content/plugins/ubermenu/assets/fontawesome/webfonts/fa-solid-900.svg]
[celektro.cz/wp-json/wp/v2/pages/5.json]
[celektro.cz/reference/index.html]
[celektro.cz/indexc471.html]
[celektro.cz/wp-json/wp/v2/pages/31.json]
[celektro.cz/indexc7e3.html]
[celektro.cz/wp-json/wp/v2/pages/7.json]
[celektro.cz/indexc4f7.html]
[celektro.cz/wp-json/wp/v2/pages/116.json]
[celektro.cz/indexd78c.html]
[celektro.cz/aktualne/nezarazene/index.html]
[celektro.cz/cart/index.html]
[celektro.cz/aktualne/nezarazene/feed/index.html]
[celektro.cz/aktualne/nezarazene/index.html]
[celektro.cz/ahoj-vsichni/feed/index.html]
[celektro.cz/wp-json/oembed/1.0/embed7e06.json]
[celektro.cz/wp-json/oembed/1.0/embedb778]
[celektro.cz/ahoj-vsichni/index.html]
[celektro.cz/wp-json/oembed/1.0/embed5775.json]
[celektro.cz/wp-json/oembed/1.0/embedc943]
[celektro.cz/cart/index.html]
[celektro.cz/wp-json/oembed/1.0/embed4b96.json]
[celektro.cz/wp-json/oembed/1.0/embed4107]
[celektro.cz/wp-loginf18b.html]
[celektro.cz/purchases/index.html]
[celektro.cz/wp-json/oembed/1.0/embedfc3e.json]
[celektro.cz/wp-json/oembed/1.0/embed3d29]
[celektro.cz/reference/index.html]
[celektro.cz/wp-json/wp/v2/categories/1.json]
[celektro.cz/wp-json/wp/v2/posts/1.json]
[celektro.cz/indexcff1.html]
[celektro.cz/wp-json/wp/v2/pages/479.json]
[celektro.cz/index5657.html]
[celektro.cz/wp-json/wp/v2/pages/480.json]
[celektro.cz/index77b5.html]
[celektro.cz/wp-includes/css/dashicons.min36b6.css]
[celektro.cz/wp-includes/css/buttons.min36b6.css]
[celektro.cz/wp-admin/css/forms.min36b6.css]
[celektro.cz/wp-admin/css/l10n.min36b6.css]
[celektro.cz/wp-admin/css/login.min36b6.css]
[celektro.cz/wp-login9fcb.html]
[celektro.cz/wp-loginf18b.html]
[celektro.cz/wp-json/wp/v2/pages/68.json]
[celektro.cz/index7ef4.html]
[celektro.cz/wp-includes/fonts/dashicons7d4b.eot]
[celektro.cz/wp-includes/fonts/dashicons7d4b.ttf]
[celektro.cz/wp-includes/css/dashicons.min36b6.css]
[celektro.cz/wp-includes/css/buttons.min36b6.css]
[celektro.cz/wp-admin/images/loading.gif]
[celektro.cz/wp-admin/css/forms.min36b6.css]
[celektro.cz/wp-admin/css/l10n.min36b6.css]
[celektro.cz/wp-admin/images/w-logo-blue7a53.png]
[celektro.cz/wp-admin/images/wordpress-logo7d6b.svg]
[celektro.cz/wp-admin/css/login.min36b6.css]
[celektro.cz/wp-includes/js/zxcvbn-async.min5152.js]
[celektro.cz/wp-admin/js/password-strength-meter.min36b6.js]
[celektro.cz/wp-includes/js/underscore.mind584.js]
[celektro.cz/wp-includes/js/wp-util.min36b6.js]
[celektro.cz/wp-admin/js/user-profile.min36b6.js]
[celektro.cz/wp-login9fcb.html]
[celektro.cz/wp-admin/images/wordpress-logo7d6b.svg]
